
Memory Configuration

Name             Origin             Length             Attributes
SRAM             0x0000000020000000 0x0000000000004000 xrw
STACK            0x0000000020003ffc 0x0000000000000000 xrw
FLASH            0x0000000000000000 0x0000000000020000 xr
*default*        0x0000000000000000 0xffffffffffffffff

Linker script and memory map

LOAD Objects/startup.o
LOAD Objects/Initialize.o
LOAD Objects/main.o
                0x0000000000000000                . = ORIGIN (FLASH)

.vectors        0x0000000000000000       0xc0
 *(.isr_vector)
 .isr_vector    0x0000000000000000       0xc0 Objects/startup.o
                0x0000000000000000                g_pfnVectors

.text           0x00000000000000c0       0x16
 *(.text)
 .text          0x00000000000000c0       0x14 Objects/startup.o
 .text          0x00000000000000d4        0x2 Objects/Initialize.o
                0x00000000000000d4                SystemInit
 .text          0x00000000000000d6        0x0 Objects/main.o
 *(.rodata)
 *(.rodata*)

.glue_7         0x00000000000000d8        0x0
 .glue_7        0x0000000000000000        0x0 linker stubs

.glue_7t        0x00000000000000d8        0x0
 .glue_7t       0x0000000000000000        0x0 linker stubs

.vfp11_veneer   0x00000000000000d8        0x0
 .vfp11_veneer  0x0000000000000000        0x0 linker stubs

.v4_bx          0x00000000000000d8        0x0
 .v4_bx         0x0000000000000000        0x0 linker stubs

.text.Reset_Handler
                0x00000000000000d8       0x54
 .text.Reset_Handler
                0x00000000000000d8       0x54 Objects/startup.o
                0x00000000000000d8                Reset_Handler

.text.Default_Handler
                0x000000000000012c        0x2
 .text.Default_Handler
                0x000000000000012c        0x2 Objects/startup.o
                0x000000000000012c                SWI1_IRQHandler
                0x000000000000012c                SPI0_TWI0_IRQHandler
                0x000000000000012c                RTC0_IRQHandler
                0x000000000000012c                HardFault_Handler
                0x000000000000012c                SysTick_Handler
                0x000000000000012c                GPIOTE_IRQHandler
                0x000000000000012c                PendSV_Handler
                0x000000000000012c                NMI_Handler
                0x000000000000012c                POWER_CLOCK_IRQHandler
                0x000000000000012c                RADIO_IRQHandler
                0x000000000000012c                SWI4_IRQHandler
                0x000000000000012c                TEMP_IRQHandler
                0x000000000000012c                QDEC_IRQHandler
                0x000000000000012c                UART0_IRQHandler
                0x000000000000012c                SWI5_IRQHandler
                0x000000000000012c                TIMER0_IRQHandler
                0x000000000000012c                SWI0_IRQHandler
                0x000000000000012c                TIMER1_IRQHandler
                0x000000000000012c                ECB_IRQHandler
                0x000000000000012c                Default_Handler
                0x000000000000012c                ADC_IRQHandler
                0x000000000000012c                LPCOMP_COMP_IRQHandler
                0x000000000000012c                SWI3_IRQHandler
                0x000000000000012c                CCM_AAR_IRQHandler
                0x000000000000012c                WDT_IRQHandler
                0x000000000000012c                SVC_Handler
                0x000000000000012c                SWI2_IRQHandler
                0x000000000000012c                RNG_IRQHandler
                0x000000000000012c                SPI1_TWI1_IRQHandler
                0x000000000000012c                RTC1_IRQHandler
                0x000000000000012c                TIMER2_IRQHandler

.iplt           0x0000000000000130        0x0
 .iplt          0x0000000000000000        0x0 Objects/startup.o

.text.startup   0x000000000000012e        0x2
 .text.startup  0x000000000000012e        0x2 Objects/main.o
                0x000000000000012e                main

.rel.dyn        0x0000000000000130        0x0
 .rel.iplt      0x0000000000000000        0x0 Objects/startup.o

.data           0x0000000020000000        0x0 load address 0x0000000000000130
                0x0000000020000000                _start_data = .
 *(.data)
 .data          0x0000000020000000        0x0 Objects/startup.o
 .data          0x0000000020000000        0x0 Objects/Initialize.o
 .data          0x0000000020000000        0x0 Objects/main.o
                0x0000000020000000                _end_data = .
                0x0000000000000130                _start_data_flash = LOADADDR (.data)

.igot.plt       0x0000000020000000        0x0 load address 0x0000000000000130
 .igot.plt      0x0000000000000000        0x0 Objects/startup.o
                0x0000000020000000                . = ALIGN (0x4)

.bss            0x0000000020000000        0x0 load address 0x0000000000000130
                0x0000000020000000                _start_bss = .
 *(.bss)
 .bss           0x0000000020000000        0x0 Objects/startup.o
 .bss           0x0000000020000000        0x0 Objects/Initialize.o
 .bss           0x0000000020000000        0x0 Objects/main.o
                0x0000000020000000                _end_bss = .
                0x0000000020000000                . = ALIGN (0x4)
                0x0000000020000000                _start_stack = .
                0x0000000020003ffc                _end_stack = ORIGIN (STACK)
                0x0000000020000000                _end = .
                0x0000000020000000                PROVIDE (end, .)
OUTPUT(nRF51822.elf elf32-littlearm)

.ARM.attributes
                0x0000000000000000       0x2d
 .ARM.attributes
                0x0000000000000000       0x1b Objects/startup.o
 .ARM.attributes
                0x000000000000001b       0x31 Objects/Initialize.o
 .ARM.attributes
                0x000000000000004c       0x31 Objects/main.o

.comment        0x0000000000000000       0x70
 .comment       0x0000000000000000       0x70 Objects/Initialize.o
                                         0x71 (size before relaxing)
 .comment       0x0000000000000000       0x71 Objects/main.o

.debug_info     0x0000000000000000       0xb3
 .debug_info    0x0000000000000000       0x62 Objects/Initialize.o
 .debug_info    0x0000000000000062       0x51 Objects/main.o

.debug_abbrev   0x0000000000000000       0xa0
 .debug_abbrev  0x0000000000000000       0x5a Objects/Initialize.o
 .debug_abbrev  0x000000000000005a       0x46 Objects/main.o

.debug_aranges  0x0000000000000000       0x40
 .debug_aranges
                0x0000000000000000       0x20 Objects/Initialize.o
 .debug_aranges
                0x0000000000000020       0x20 Objects/main.o

.debug_line     0x0000000000000000       0x9a
 .debug_line    0x0000000000000000       0x5e Objects/Initialize.o
 .debug_line    0x000000000000005e       0x3c Objects/main.o

.debug_str      0x0000000000000000       0xc3
 .debug_str     0x0000000000000000       0xaf Objects/Initialize.o
 .debug_str     0x00000000000000af       0x14 Objects/main.o
                                         0x90 (size before relaxing)

.debug_frame    0x0000000000000000       0x40
 .debug_frame   0x0000000000000000       0x20 Objects/Initialize.o
 .debug_frame   0x0000000000000020       0x20 Objects/main.o

.debug_ranges   0x0000000000000000       0x10
 .debug_ranges  0x0000000000000000       0x10 Objects/main.o
